---
source: tui/src/chatwidget/tests.rs
expression: exec_blob
---
>_
  ✗ ⌨️ sleep 1
