---
source: tui/src/chatwidget/tests.rs
assertion_line: 851
expression: terminal.backend()
---
"? Codex wants to run echo 'hello world'                                         "
"                                                                                "
"Codex wants to run a command                                                    "
"                                                                                "
"▌Allow command?                                                                 "
"▌ Yes   Always   No, provide feedback                                           "
"▌ Approve and run the command                                                   "
"                                                                                "
