---
source: tui/src/chatwidget/tests.rs
assertion_line: 807
expression: terminal.backend()
---
"â–Œ Ask Codex to do anything              "
"                                        "
